
> build:engine
> cd apps/engine && wasm-pack build --target web

[INFO]: 🎯  Checking for the Wasm target...
info: downloading component 'rust-std' for 'wasm32-unknown-unknown'
info: installing component 'rust-std' for 'wasm32-unknown-unknown'
[INFO]: 🌀  Compiling to Wasm...
   Compiling unicode-ident v1.0.24
   Compiling proc-macro2 v1.0.106
   Compiling quote v1.0.45
   Compiling autocfg v1.5.0
   Compiling libm v0.2.11
   Compiling cfg-if v1.0.4
   Compiling memchr v2.8.0
   Compiling once_cell v1.21.4
   Compiling num-traits v0.2.19
   Compiling wasm-bindgen-shared v0.2.118
   Compiling zerocopy v0.8.48
   Compiling ucd-trie v0.1.7
   Compiling syn v2.0.117
   Compiling serde_core v1.0.228
   Compiling either v1.15.0
   Compiling pest v2.8.6
   Compiling serde v1.0.228
   Compiling pest_meta v2.8.6
   Compiling aho-corasick v1.1.4
   Compiling regex-syntax v0.8.10
   Compiling anyhow v1.0.102
   Compiling rustversion v1.0.22
   Compiling serde_derive v1.0.228
   Compiling time-core v0.1.4
   Compiling powerfmt v0.2.0
   Compiling num-conv v0.1.0
   Compiling time-macros v0.2.22
   Compiling deranged v0.4.0
   Compiling pest_generator v2.8.6
   Compiling regex-automata v0.4.14
   Compiling version_check v0.9.5
   Compiling static_assertions v1.1.0
   Compiling itoa v1.0.18
   Compiling time v0.3.41
   Compiling ahash v0.8.12
   Compiling pest_derive v2.8.6
   Compiling liquid-derive v0.26.8
   Compiling kstring v2.0.2
   Compiling regex v1.12.3
   Compiling num-integer v0.1.46
   Compiling itertools v0.13.0
   Compiling anymap2 v0.13.0
   Compiling syn v1.0.109
   Compiling bumpalo v3.20.2
   Compiling doc-comment v0.3.4
   Compiling wasm-bindgen v0.2.118
   Compiling wasm-bindgen-macro-support v0.2.118
   Compiling liquid-core v0.26.8
   Compiling matrixmultiply v0.3.10
   Compiling parking_lot_core v0.9.12
   Compiling tinyvec_macros v0.1.1
   Compiling percent-encoding v2.3.2
   Compiling unicode-segmentation v1.13.2
   Compiling tinyvec v1.11.0
   Compiling liquid-lib v0.26.8
   Compiling wasm-bindgen-macro v0.2.118
   Compiling num-complex v0.4.6
   Compiling rawpointer v0.2.1
   Compiling shlex v1.3.0
   Compiling same-file v1.0.6
   Compiling find-msvc-tools v0.1.9
   Compiling smallvec v1.15.1
   Compiling scopeguard v1.2.0
   Compiling lock_api v0.4.14
   Compiling cc v1.2.60
   Compiling walkdir v2.5.0
   Compiling half v2.4.1
   Compiling liquid v0.26.8
   Compiling hashbrown v0.14.5
   Compiling unicode-normalization v0.1.25
   Compiling paste v1.0.15
   Compiling minimal-lexical v0.2.1
   Compiling nom v7.1.3
   Compiling string-interner v0.15.0
   Compiling tract-linalg v0.21.15
   Compiling itertools v0.12.1
   Compiling js-sys v0.3.95
   Compiling ndarray v0.16.1
   Compiling scan_fmt v0.2.6
   Compiling parking_lot v0.12.5
   Compiling lazy_static v1.5.0
   Compiling downcast-rs v1.2.1
   Compiling dyn-clone v1.0.20
   Compiling strength_reduce v0.2.4
   Compiling dyn-hash v0.2.2
   Compiling maplit v1.0.2
   Compiling transpose v0.2.3
   Compiling derive-new v0.5.9
   Compiling primal-check v0.3.4
   Compiling crc32fast v1.5.0
   Compiling byteorder v1.5.0
   Compiling bit-vec v0.6.3
   Compiling log v0.4.29
   Compiling bit-set v0.5.3
   Compiling rustfft v6.4.1
   Compiling ppv-lite86 v0.2.21
   Compiling anymap3 v1.0.1
   Compiling adler2 v2.0.1
   Compiling simd-adler32 v0.3.9
   Compiling tract-data v0.21.15
   Compiling miniz_oxide v0.8.9
   Compiling filetime v0.2.27
   Compiling tar v0.4.45
   Compiling flate2 v1.1.9
   Compiling itertools v0.10.5
   Compiling getrandom v0.2.17
   Compiling rand_core v0.6.4
   Compiling rand_chacha v0.3.1
   Compiling tract-core v0.21.15
   Compiling rand v0.8.5
   Compiling zmij v1.0.21
   Compiling rand_distr v0.4.3
   Compiling prost-derive v0.11.9
   Compiling serde_json v1.0.149
   Compiling bytes v1.11.1
   Compiling prost v0.11.9
   Compiling memmap2 v0.9.10
   Compiling tract-nnef v0.21.15
   Compiling tract-hir v0.21.15
   Compiling tract-onnx-opl v0.21.15
   Compiling tract-onnx v0.21.15
   Compiling ida_engine v0.1.0 (/app/apps/engine)
warning: unused import: `TileSet`
 --> src/mcts.rs:1:31
  |
1 | use crate::bitboard::{Domino, TileSet, Action};
  |                               ^^^^^^^
  |
  = note: `#[warn(unused_imports)]` (part of `#[warn(unused)]`) on by default


warning: unused variable: `state`
   --> src/mcts.rs:186:31
    |
186 |     fn state_to_tensor(&self, state: &GameState) -> [f32; 81] {
    |                               ^^^^^ help: if this is intentional, prefix it with an underscore: `_state`
    |
    = note: `#[warn(unused_variables)]` (part of `#[warn(unused)]`) on by default


    Finished `release` profile [optimized] target(s) in 2m 31s
[INFO]: ⬇️  Installing wasm-bindgen...
[INFO]: Optimizing wasm binaries with `wasm-opt`...
[INFO]: Optional fields missing from Cargo.toml: 'description', 'repository', and 'license'. These are not necessary, but recommended
[INFO]: ✨   Done in 6m 36s
[INFO]: 📦   Your wasm pkg is ready to publish at /app/apps/engine/pkg.
